// Bun Snapshot v1, https://bun.sh/docs/test/snapshots

exports[`API shapes matches the distinct configured response shapes 1`] = `
{
  "distinctShapes": [
    {
      "affiliation": "Affiliate",
      "count": 1,
      "fetchByDuid": {
        "fieldTypes": {
          "display_name": "string",
          "duid": "string",
          "emails": "string[]",
          "givenName": "string",
          "ldapkey": "string",
          "netid": "string",
          "nickname": "string",
          "primary_affiliation": "string",
          "sn": "string",
          "url": "string",
        },
        "presentFields": [
          "ldapkey",
          "sn",
          "givenName",
          "duid",
          "netid",
          "display_name",
          "nickname",
          "primary_affiliation",
          "emails",
          "url",
        ],
      },
      "fetchByLdapkey": {
        "fieldTypes": {
          "display_name": "string",
          "duid": "string",
          "emails": "string[]",
          "givenName": "string",
          "ldapkey": "string",
          "netid": "string",
          "nickname": "string",
          "primary_affiliation": "string",
          "sn": "string",
          "url": "string",
        },
        "presentFields": [
          "ldapkey",
          "sn",
          "givenName",
          "duid",
          "netid",
          "display_name",
          "nickname",
          "primary_affiliation",
          "emails",
          "url",
        ],
      },
      "fetchByNetId": {
        "count": 1,
        "itemShape": {
          "fieldTypes": {
            "display_name": "string",
            "duid": "string",
            "emails": "string[]",
            "givenName": "string",
            "ldapkey": "string",
            "netid": "string",
            "nickname": "string",
            "primary_affiliation": "string",
            "sn": "string",
            "url": "string",
          },
          "presentFields": [
            "ldapkey",
            "sn",
            "givenName",
            "duid",
            "netid",
            "display_name",
            "nickname",
            "primary_affiliation",
            "emails",
            "url",
          ],
        },
        "responseType": "array",
      },
      "search": {
        "count": 1,
        "itemShape": {
          "fieldTypes": {
            "display_name": "string",
            "duid": "string",
            "givenName": "string",
            "ldapkey": "string",
            "netid": "string",
            "sn": "string",
            "url": "string",
          },
          "presentFields": [
            "ldapkey",
            "sn",
            "givenName",
            "duid",
            "netid",
            "display_name",
            "url",
          ],
        },
        "responseType": "array",
      },
    },
    {
      "affiliation": "Faculty",
      "count": 2,
      "fetchByDuid": {
        "fieldTypes": {
          "department": "string",
          "display_name": "string",
          "duid": "string",
          "emails": "string[]",
          "givenName": "string",
          "ldapkey": "string",
          "netid": "string",
          "nickname": "string",
          "phones": "string[]",
          "primary_affiliation": "string",
          "sn": "string",
          "titles": "string[]",
          "url": "string",
        },
        "presentFields": [
          "ldapkey",
          "sn",
          "givenName",
          "duid",
          "netid",
          "display_name",
          "nickname",
          "titles",
          "primary_affiliation",
          "emails",
          "phones",
          "department",
          "url",
        ],
      },
      "fetchByLdapkey": {
        "fieldTypes": {
          "department": "string",
          "display_name": "string",
          "duid": "string",
          "emails": "string[]",
          "givenName": "string",
          "ldapkey": "string",
          "netid": "string",
          "nickname": "string",
          "phones": "string[]",
          "primary_affiliation": "string",
          "sn": "string",
          "titles": "string[]",
          "url": "string",
        },
        "presentFields": [
          "ldapkey",
          "sn",
          "givenName",
          "duid",
          "netid",
          "display_name",
          "nickname",
          "titles",
          "primary_affiliation",
          "emails",
          "phones",
          "department",
          "url",
        ],
      },
      "fetchByNetId": {
        "count": 1,
        "itemShape": {
          "fieldTypes": {
            "department": "string",
            "display_name": "string",
            "duid": "string",
            "emails": "string[]",
            "givenName": "string",
            "ldapkey": "string",
            "netid": "string",
            "nickname": "string",
            "phones": "string[]",
            "primary_affiliation": "string",
            "sn": "string",
            "titles": "string[]",
            "url": "string",
          },
          "presentFields": [
            "ldapkey",
            "sn",
            "givenName",
            "duid",
            "netid",
            "display_name",
            "nickname",
            "titles",
            "primary_affiliation",
            "emails",
            "phones",
            "department",
            "url",
          ],
        },
        "responseType": "array",
      },
      "search": {
        "count": 1,
        "itemShape": {
          "fieldTypes": {
            "display_name": "string",
            "duid": "string",
            "givenName": "string",
            "ldapkey": "string",
            "netid": "string",
            "sn": "string",
            "url": "string",
          },
          "presentFields": [
            "ldapkey",
            "sn",
            "givenName",
            "duid",
            "netid",
            "display_name",
            "url",
          ],
        },
        "responseType": "array",
      },
    },
    {
      "affiliation": "Student",
      "count": 1,
      "fetchByDuid": {
        "fieldTypes": {
          "display_name": "string",
          "duid": "string",
          "emails": "string[]",
          "givenName": "string",
          "ldapkey": "string",
          "netid": "string",
          "nickname": "string",
          "primary_affiliation": "string",
          "sn": "string",
          "url": "string",
        },
        "presentFields": [
          "ldapkey",
          "sn",
          "givenName",
          "duid",
          "netid",
          "display_name",
          "nickname",
          "primary_affiliation",
          "emails",
          "url",
        ],
      },
      "fetchByLdapkey": {
        "fieldTypes": {
          "display_name": "string",
          "duid": "string",
          "emails": "string[]",
          "givenName": "string",
          "ldapkey": "string",
          "netid": "string",
          "nickname": "string",
          "primary_affiliation": "string",
          "sn": "string",
          "url": "string",
        },
        "presentFields": [
          "ldapkey",
          "sn",
          "givenName",
          "duid",
          "netid",
          "display_name",
          "nickname",
          "primary_affiliation",
          "emails",
          "url",
        ],
      },
      "fetchByNetId": {
        "count": 1,
        "itemShape": {
          "fieldTypes": {
            "display_name": "string",
            "duid": "string",
            "emails": "string[]",
            "givenName": "string",
            "ldapkey": "string",
            "netid": "string",
            "nickname": "string",
            "primary_affiliation": "string",
            "sn": "string",
            "url": "string",
          },
          "presentFields": [
            "ldapkey",
            "sn",
            "givenName",
            "duid",
            "netid",
            "display_name",
            "nickname",
            "primary_affiliation",
            "emails",
            "url",
          ],
        },
        "responseType": "array",
      },
      "search": {
        "count": 1,
        "itemShape": {
          "fieldTypes": {
            "display_name": "string",
            "duid": "string",
            "givenName": "string",
            "ldapkey": "string",
            "netid": "string",
            "sn": "string",
            "url": "string",
          },
          "presentFields": [
            "ldapkey",
            "sn",
            "givenName",
            "duid",
            "netid",
            "display_name",
            "url",
          ],
        },
        "responseType": "array",
      },
    },
  ],
  "fixturesTested": 4,
}
`;
