// Bun Snapshot v1, https://bun.sh/docs/test/snapshots

exports[`fetchByLdapkey matches the expected response shape 1`] = `
{
  "fieldTypes": {
    "department": "string",
    "display_name": "string",
    "duid": "string",
    "emails": "string[]",
    "givenName": "string",
    "ldapkey": "string",
    "netid": "string",
    "nickname": "string",
    "phones": "string[]",
    "primary_affiliation": "string",
    "sn": "string",
    "titles": "string[]",
    "url": "string",
  },
  "presentFields": [
    "ldapkey",
    "sn",
    "givenName",
    "duid",
    "netid",
    "display_name",
    "nickname",
    "titles",
    "primary_affiliation",
    "emails",
    "phones",
    "department",
    "url",
  ],
}
`;
