// Bun Snapshot v1, https://bun.sh/docs/test/snapshots

exports[`search matches the expected response shape 1`] = `
{
  "count": 1,
  "itemShape": {
    "fieldTypes": {
      "display_name": "string",
      "duid": "string",
      "givenName": "string",
      "ldapkey": "string",
      "netid": "string",
      "sn": "string",
      "url": "string",
    },
    "presentFields": [
      "ldapkey",
      "sn",
      "givenName",
      "duid",
      "netid",
      "display_name",
      "url",
    ],
  },
  "responseType": "array",
}
`;
